3
"fooquxxbaz"
4
0
4
0
0
7
0
7
1
1
1
0
{"foo"}
{102, 111, 111}
"foo"
"foofoo"
"SAEmC5UwrAl2A"
"3858F62230AC3C915F300C664312C63F"
