{1, 0}
{1, 0}
{1, #1}
{1, 1}
{1, 0}
1
1
{1, 2}
0
2
{"test"}
{}
{1, 0}
1
1
