1
1
1
1
1
"17"
"3.0"
"#0"
"{list}"
"17"
"3.0"
"#0"
"{1, 2}"
10
3
2
-34
#2
#2
#0
34.0
34.7
7.3
1
0
1
1
0
